------------------------------------------------------------
Timing Analyzer Summary
------------------------------------------------------------

Type  : Slow 1100mV 85C Model Setup 'b[0]'
Slack : -11.988
TNS   : -359.028

Type  : Slow 1100mV 85C Model Setup 'Mod32Bit:mod32Bit|ModControlUnit:control|currentState.RESULT'
Slack : -11.777
TNS   : -23.454

Type  : Slow 1100mV 85C Model Setup 'CLK'
Slack : -8.339
TNS   : -267.443

Type  : Slow 1100mV 85C Model Hold 'CLK'
Slack : 0.433
TNS   : 0.000

Type  : Slow 1100mV 85C Model Hold 'b[0]'
Slack : 4.428
TNS   : 0.000

Type  : Slow 1100mV 85C Model Hold 'Mod32Bit:mod32Bit|ModControlUnit:control|currentState.RESULT'
Slack : 4.511
TNS   : 0.000

Type  : Slow 1100mV 85C Model Minimum Pulse Width 'CLK'
Slack : -0.724
TNS   : -39.112

Type  : Slow 1100mV 85C Model Minimum Pulse Width 'b[0]'
Slack : 0.186
TNS   : 0.000

Type  : Slow 1100mV 85C Model Minimum Pulse Width 'Mod32Bit:mod32Bit|ModControlUnit:control|currentState.RESULT'
Slack : 0.330
TNS   : 0.000

Type  : Slow 1100mV 0C Model Setup 'b[0]'
Slack : -12.045
TNS   : -358.695

Type  : Slow 1100mV 0C Model Setup 'Mod32Bit:mod32Bit|ModControlUnit:control|currentState.RESULT'
Slack : -11.638
TNS   : -23.182

Type  : Slow 1100mV 0C Model Setup 'CLK'
Slack : -7.950
TNS   : -254.397

Type  : Slow 1100mV 0C Model Hold 'CLK'
Slack : 0.420
TNS   : 0.000

Type  : Slow 1100mV 0C Model Hold 'b[0]'
Slack : 4.102
TNS   : 0.000

Type  : Slow 1100mV 0C Model Hold 'Mod32Bit:mod32Bit|ModControlUnit:control|currentState.RESULT'
Slack : 4.593
TNS   : 0.000

Type  : Slow 1100mV 0C Model Minimum Pulse Width 'CLK'
Slack : -0.724
TNS   : -39.557

Type  : Slow 1100mV 0C Model Minimum Pulse Width 'b[0]'
Slack : 0.085
TNS   : 0.000

Type  : Slow 1100mV 0C Model Minimum Pulse Width 'Mod32Bit:mod32Bit|ModControlUnit:control|currentState.RESULT'
Slack : 0.307
TNS   : 0.000

Type  : Fast 1100mV 85C Model Setup 'b[0]'
Slack : -6.535
TNS   : -194.397

Type  : Fast 1100mV 85C Model Setup 'Mod32Bit:mod32Bit|ModControlUnit:control|currentState.RESULT'
Slack : -4.244
TNS   : -8.481

Type  : Fast 1100mV 85C Model Setup 'CLK'
Slack : -2.981
TNS   : -95.287

Type  : Fast 1100mV 85C Model Hold 'CLK'
Slack : 0.176
TNS   : 0.000

Type  : Fast 1100mV 85C Model Hold 'Mod32Bit:mod32Bit|ModControlUnit:control|currentState.RESULT'
Slack : 1.919
TNS   : 0.000

Type  : Fast 1100mV 85C Model Hold 'b[0]'
Slack : 2.510
TNS   : 0.000

Type  : Fast 1100mV 85C Model Minimum Pulse Width 'b[0]'
Slack : -0.072
TNS   : -0.570

Type  : Fast 1100mV 85C Model Minimum Pulse Width 'CLK'
Slack : -0.071
TNS   : -2.381

Type  : Fast 1100mV 85C Model Minimum Pulse Width 'Mod32Bit:mod32Bit|ModControlUnit:control|currentState.RESULT'
Slack : 0.465
TNS   : 0.000

Type  : Fast 1100mV 0C Model Setup 'b[0]'
Slack : -5.579
TNS   : -166.545

Type  : Fast 1100mV 0C Model Setup 'Mod32Bit:mod32Bit|ModControlUnit:control|currentState.RESULT'
Slack : -3.921
TNS   : -7.815

Type  : Fast 1100mV 0C Model Setup 'CLK'
Slack : -2.596
TNS   : -82.271

Type  : Fast 1100mV 0C Model Hold 'CLK'
Slack : 0.167
TNS   : 0.000

Type  : Fast 1100mV 0C Model Hold 'Mod32Bit:mod32Bit|ModControlUnit:control|currentState.RESULT'
Slack : 1.850
TNS   : 0.000

Type  : Fast 1100mV 0C Model Hold 'b[0]'
Slack : 2.164
TNS   : 0.000

Type  : Fast 1100mV 0C Model Minimum Pulse Width 'CLK'
Slack : -0.074
TNS   : -2.504

Type  : Fast 1100mV 0C Model Minimum Pulse Width 'b[0]'
Slack : -0.071
TNS   : -0.612

Type  : Fast 1100mV 0C Model Minimum Pulse Width 'Mod32Bit:mod32Bit|ModControlUnit:control|currentState.RESULT'
Slack : 0.461
TNS   : 0.000

------------------------------------------------------------
